SharedVectorCanvas.js:87 SharedVectorCanvas: reset {frameTime: 1764012762505, participants: Array(2)}
SharedVectorCanvas.js:87 SharedVectorCanvas: allocate build budget {layer: '24', frameTime: 1764012762505, remaining: 20, pending: 2, budget: 10}
VectorLayer.js:66 Shared build budget assigned {layer: '24', budget: 10, frameTime: 1764012762505}
VectorLayer.js:66 Shared build budget applied {layer: '24', requested: 20, sharedLimit: 10, applied: 10, frameTime: 1764012762505}
SharedVectorCanvas.js:87 SharedVectorCanvas: allocate build budget {layer: '101276', frameTime: 1764012762505, remaining: 0.7999999523162842, pending: 1, budget: 0.7999999523162842}
VectorLayer.js:66 Shared build budget assigned {layer: '101276', budget: 0.7999999523162842, frameTime: 1764012762505}
VectorLayer.js:66 Shared build budget applied {layer: '101276', requested: 0.7999999523162842, sharedLimit: 0.7999999523162842, applied: 0.7999999523162842, frameTime: 1764012762505}
SharedVectorCanvas.js:87 SharedVectorCanvas: assign draw budget {layer: '24', jobBudget: 10, queueRemaining: 2, frameTime: 1764012762505, remaining: 20}
SharedVectorCanvas.js:87 SharedVectorCanvas: assign draw budget {layer: '101276', jobBudget: 20, queueRemaining: 1, frameTime: 1764012762505, remaining: 20}
SharedVectorCanvas.js:87 SharedVectorCanvas: reset {frameTime: 1764012762530, participants: Array(2)}
SharedVectorCanvas.js:87 SharedVectorCanvas: allocate build budget {layer: '24', frameTime: 1764012762530, remaining: 20, pending: 2, budget: 10}
VectorLayer.js:66 Shared build budget assigned {layer: '24', budget: 10, frameTime: 1764012762530}
VectorLayer.js:66 Shared build budget applied {layer: '24', requested: 20, sharedLimit: 10, applied: 10, frameTime: 1764012762530}
SharedVectorCanvas.js:87 SharedVectorCanvas: allocate build budget {layer: '101276', frameTime: 1764012762530, remaining: 10, pending: 1, budget: 10}
VectorLayer.js:66 Shared build budget assigned {layer: '101276', budget: 10, frameTime: 1764012762530}
VectorLayer.js:66 Shared build budget applied {layer: '101276', requested: 10, sharedLimit: 10, applied: 10, frameTime: 1764012762530}
SharedVectorCanvas.js:87 SharedVectorCanvas: assign draw budget {layer: '24', jobBudget: 10, queueRemaining: 2, frameTime: 1764012762530, remaining: 20}
SharedVectorCanvas.js:87 SharedVectorCanvas: assign draw budget {layer: '101276', jobBudget: 20, queueRemaining: 1, frameTime: 1764012762530, remaining: 20}
VectorLayer.js:66 Shared canvas marked for initial clear {layer: '101276', drawKey: 'all', frameTime: 1764012762530}
VectorLayer.js:66 Shared canvas clear decision {layer: '101276', drawKey: 'all', clearedTime: undefined, frameTime: 1764012762530, needsClear: true}
VectorLayer.js:66 Shared canvas marked cleared {layer: '101276', time: 1764012762530}
SharedVectorCanvas.js:87 SharedVectorCanvas: reset {frameTime: 1764012762552, participants: Array(2)}
SharedVectorCanvas.js:87 SharedVectorCanvas: allocate build budget {layer: '24', frameTime: 1764012762552, remaining: 20, pending: 2, budget: 10}
VectorLayer.js:66 Shared build budget assigned {layer: '24', budget: 10, frameTime: 1764012762552}
VectorLayer.js:66 Shared build budget applied {layer: '24', requested: 20, sharedLimit: 10, applied: 10, frameTime: 1764012762552}
SharedVectorCanvas.js:87 SharedVectorCanvas: allocate build budget {layer: '101276', frameTime: 1764012762552, remaining: 17.200000047683716, pending: 1, budget: 17.200000047683716}
VectorLayer.js:66 Shared build budget assigned {layer: '101276', budget: 17.200000047683716, frameTime: 1764012762552}
SharedVectorCanvas.js:87 SharedVectorCanvas: assign draw budget {layer: '24', jobBudget: 10, queueRemaining: 2, frameTime: 1764012762552, remaining: 20}
VectorLayer.js:66 Shared canvas marked for initial clear {layer: '24', drawKey: 'all', frameTime: 1764012762552}
VectorLayer.js:66 Shared canvas clear decision {layer: '24', drawKey: 'all', clearedTime: undefined, frameTime: 1764012762552, needsClear: true}
VectorLayer.js:66 Shared canvas marked cleared {layer: '24', time: 1764012762552}
SharedVectorCanvas.js:87 SharedVectorCanvas: assign draw budget {layer: '101276', jobBudget: 10, queueRemaining: 1, frameTime: 1764012762552, remaining: 10}
SharedVectorCanvas.js:87 SharedVectorCanvas: reset {frameTime: 1764012762569, participants: Array(2)}
SharedVectorCanvas.js:87 SharedVectorCanvas: allocate build budget {layer: '24', frameTime: 1764012762569, remaining: 20, pending: 2, budget: 10}
VectorLayer.js:66 Shared build budget assigned {layer: '24', budget: 10, frameTime: 1764012762569}
SharedVectorCanvas.js:87 SharedVectorCanvas: allocate build budget {layer: '101276', frameTime: 1764012762569, remaining: 20, pending: 1, budget: 20}
VectorLayer.js:66 Shared build budget assigned {layer: '101276', budget: 20, frameTime: 1764012762569}
SharedVectorCanvas.js:87 SharedVectorCanvas: assign draw budget {layer: '24', jobBudget: 10, queueRemaining: 2, frameTime: 1764012762569, remaining: 20}
SharedVectorCanvas.js:87 SharedVectorCanvas: assign draw budget {layer: '101276', jobBudget: 18.600000023841858, queueRemaining: 1, frameTime: 1764012762569, remaining: 18.600000023841858}
SharedVectorCanvas.js:87 SharedVectorCanvas: reset {frameTime: 1764012762574, participants: Array(2)}
SharedVectorCanvas.js:87 SharedVectorCanvas: allocate build budget {layer: '24', frameTime: 1764012762574, remaining: 20, pending: 2, budget: 10}
VectorLayer.js:66 Shared build budget assigned {layer: '24', budget: 10, frameTime: 1764012762574}
SharedVectorCanvas.js:87 SharedVectorCanvas: allocate build budget {layer: '101276', frameTime: 1764012762574, remaining: 20, pending: 1, budget: 20}
VectorLayer.js:66 Shared build budget assigned {layer: '101276', budget: 20, frameTime: 1764012762574}
SharedVectorCanvas.js:87 SharedVectorCanvas: assign draw budget {layer: '24', jobBudget: 10, queueRemaining: 2, frameTime: 1764012762574, remaining: 20}
SharedVectorCanvas.js:87 SharedVectorCanvas: assign draw budget {layer: '101276', jobBudget: 20, queueRemaining: 1, frameTime: 1764012762574, remaining: 20}
